// Jest Snapshot v1, https://goo.gl/fbAQLP

exports[`ProductItem . 1`] = `
<ProductItem
  product={
    Object {
      "categories": Array [],
      "categories_": "dresses,midi,clothing",
      "colors": Array [],
      "colors_": "blue",
      "created_at": "2021-05-26T23:01:06.486Z",
      "created_by": null,
      "designer": Object {
        "created_at": "2021-05-26T23:01:06.488Z",
        "created_by": null,
        "description": null,
        "id": "4",
        "name": "GAÃ‚LA",
        "notes": null,
        "products": undefined,
        "published_at": "2021-05-27T14:48:45.089Z",
        "slug": "gaala",
        "updated_at": "2021-05-27T14:48:45.271Z",
        "updated_by": null,
      },
      "details": "This dreamy mid dress fluidly lauds every curve in its simple elegance. ",
      "fits": Array [],
      "fits_": "",
      "id": "13",
      "images": Array [
        Object {
          "alternativeText": "",
          "caption": "",
          "created_at": "2021-05-12T17:27:43.035Z",
          "created_by": 1,
          "ext": ".jpg",
          "formats": Object {
            "large": Object {
              "ext": ".jpg",
              "hash": "large_287_C2800_6900_4749_B194_1_AE_2_E535_ACDC_1512x_a38080e933",
              "height": 1000,
              "mime": "image/jpeg",
              "name": "large_287C2800-6900-4749-B194-1AE2E535ACDC_1512x.jpg",
              "path": null,
              "size": 89.26,
              "url": "/uploads/large_287_C2800_6900_4749_B194_1_AE_2_E535_ACDC_1512x_a38080e933.jpg",
              "width": 667,
            },
            "medium": Object {
              "ext": ".jpg",
              "hash": "medium_287_C2800_6900_4749_B194_1_AE_2_E535_ACDC_1512x_a38080e933",
              "height": 750,
              "mime": "image/jpeg",
              "name": "medium_287C2800-6900-4749-B194-1AE2E535ACDC_1512x.jpg",
              "path": null,
              "size": 57.62,
              "url": "/uploads/medium_287_C2800_6900_4749_B194_1_AE_2_E535_ACDC_1512x_a38080e933.jpg",
              "width": 500,
            },
            "small": Object {
              "ext": ".jpg",
              "hash": "small_287_C2800_6900_4749_B194_1_AE_2_E535_ACDC_1512x_a38080e933",
              "height": 500,
              "mime": "image/jpeg",
              "name": "small_287C2800-6900-4749-B194-1AE2E535ACDC_1512x.jpg",
              "path": null,
              "size": 29.87,
              "url": "/uploads/small_287_C2800_6900_4749_B194_1_AE_2_E535_ACDC_1512x_a38080e933.jpg",
              "width": 333,
            },
            "thumbnail": Object {
              "ext": ".jpg",
              "hash": "thumbnail_287_C2800_6900_4749_B194_1_AE_2_E535_ACDC_1512x_a38080e933",
              "height": 156,
              "mime": "image/jpeg",
              "name": "thumbnail_287C2800-6900-4749-B194-1AE2E535ACDC_1512x.jpg",
              "path": null,
              "size": 4.74,
              "url": "/uploads/thumbnail_287_C2800_6900_4749_B194_1_AE_2_E535_ACDC_1512x_a38080e933.jpg",
              "width": 104,
            },
          },
          "hash": "287_C2800_6900_4749_B194_1_AE_2_E535_ACDC_1512x_a38080e933",
          "height": 2268,
          "id": 50,
          "mime": "image/jpeg",
          "name": "287C2800-6900-4749-B194-1AE2E535ACDC_1512x.jpg",
          "previewUrl": null,
          "provider": "local",
          "provider_metadata": null,
          "size": 223.55,
          "updated_at": "2021-05-12T17:27:43.079Z",
          "updated_by": 1,
          "url": "/uploads/287_C2800_6900_4749_B194_1_AE_2_E535_ACDC_1512x_a38080e933.jpg",
          "width": 1512,
        },
        Object {
          "alternativeText": "",
          "caption": "",
          "created_at": "2021-05-12T17:27:43.355Z",
          "created_by": 1,
          "ext": ".jpg",
          "formats": Object {
            "large": Object {
              "ext": ".jpg",
              "hash": "large_5974_D912_CD_5_B_42_C6_B4_D3_5_C2_A572_ADF_7_B_3000x_7e06dafaec",
              "height": 1000,
              "mime": "image/jpeg",
              "name": "large_5974D912-CD5B-42C6-B4D3-5C2A572ADF7B_3000x.jpg",
              "path": null,
              "size": 88.83,
              "url": "/uploads/large_5974_D912_CD_5_B_42_C6_B4_D3_5_C2_A572_ADF_7_B_3000x_7e06dafaec.jpg",
              "width": 667,
            },
            "medium": Object {
              "ext": ".jpg",
              "hash": "medium_5974_D912_CD_5_B_42_C6_B4_D3_5_C2_A572_ADF_7_B_3000x_7e06dafaec",
              "height": 750,
              "mime": "image/jpeg",
              "name": "medium_5974D912-CD5B-42C6-B4D3-5C2A572ADF7B_3000x.jpg",
              "path": null,
              "size": 56.87,
              "url": "/uploads/medium_5974_D912_CD_5_B_42_C6_B4_D3_5_C2_A572_ADF_7_B_3000x_7e06dafaec.jpg",
              "width": 500,
            },
            "small": Object {
              "ext": ".jpg",
              "hash": "small_5974_D912_CD_5_B_42_C6_B4_D3_5_C2_A572_ADF_7_B_3000x_7e06dafaec",
              "height": 500,
              "mime": "image/jpeg",
              "name": "small_5974D912-CD5B-42C6-B4D3-5C2A572ADF7B_3000x.jpg",
              "path": null,
              "size": 30.37,
              "url": "/uploads/small_5974_D912_CD_5_B_42_C6_B4_D3_5_C2_A572_ADF_7_B_3000x_7e06dafaec.jpg",
              "width": 333,
            },
            "thumbnail": Object {
              "ext": ".jpg",
              "hash": "thumbnail_5974_D912_CD_5_B_42_C6_B4_D3_5_C2_A572_ADF_7_B_3000x_7e06dafaec",
              "height": 156,
              "mime": "image/jpeg",
              "name": "thumbnail_5974D912-CD5B-42C6-B4D3-5C2A572ADF7B_3000x.jpg",
              "path": null,
              "size": 4.75,
              "url": "/uploads/thumbnail_5974_D912_CD_5_B_42_C6_B4_D3_5_C2_A572_ADF_7_B_3000x_7e06dafaec.jpg",
              "width": 104,
            },
          },
          "hash": "5974_D912_CD_5_B_42_C6_B4_D3_5_C2_A572_ADF_7_B_3000x_7e06dafaec",
          "height": 3000,
          "id": 52,
          "mime": "image/jpeg",
          "name": "5974D912-CD5B-42C6-B4D3-5C2A572ADF7B_3000x.jpg",
          "previewUrl": null,
          "provider": "local",
          "provider_metadata": null,
          "size": 282.38,
          "updated_at": "2021-05-12T17:27:43.364Z",
          "updated_by": 1,
          "url": "/uploads/5974_D912_CD_5_B_42_C6_B4_D3_5_C2_A572_ADF_7_B_3000x_7e06dafaec.jpg",
          "width": 2000,
        },
        Object {
          "alternativeText": "",
          "caption": "",
          "created_at": "2021-05-12T17:27:43.145Z",
          "created_by": 1,
          "ext": ".jpg",
          "formats": Object {
            "large": Object {
              "ext": ".jpg",
              "hash": "large_F4_C25584_E63_A_4_EED_85_C5_0_F3_B6_DA_0_D2_BB_1512x_faa752580c",
              "height": 1000,
              "mime": "image/jpeg",
              "name": "large_F4C25584-E63A-4EED-85C5-0F3B6DA0D2BB_1512x.jpg",
              "path": null,
              "size": 63,
              "url": "/uploads/large_F4_C25584_E63_A_4_EED_85_C5_0_F3_B6_DA_0_D2_BB_1512x_faa752580c.jpg",
              "width": 667,
            },
            "medium": Object {
              "ext": ".jpg",
              "hash": "medium_F4_C25584_E63_A_4_EED_85_C5_0_F3_B6_DA_0_D2_BB_1512x_faa752580c",
              "height": 750,
              "mime": "image/jpeg",
              "name": "medium_F4C25584-E63A-4EED-85C5-0F3B6DA0D2BB_1512x.jpg",
              "path": null,
              "size": 41.13,
              "url": "/uploads/medium_F4_C25584_E63_A_4_EED_85_C5_0_F3_B6_DA_0_D2_BB_1512x_faa752580c.jpg",
              "width": 500,
            },
            "small": Object {
              "ext": ".jpg",
              "hash": "small_F4_C25584_E63_A_4_EED_85_C5_0_F3_B6_DA_0_D2_BB_1512x_faa752580c",
              "height": 500,
              "mime": "image/jpeg",
              "name": "small_F4C25584-E63A-4EED-85C5-0F3B6DA0D2BB_1512x.jpg",
              "path": null,
              "size": 22.23,
              "url": "/uploads/small_F4_C25584_E63_A_4_EED_85_C5_0_F3_B6_DA_0_D2_BB_1512x_faa752580c.jpg",
              "width": 333,
            },
            "thumbnail": Object {
              "ext": ".jpg",
              "hash": "thumbnail_F4_C25584_E63_A_4_EED_85_C5_0_F3_B6_DA_0_D2_BB_1512x_faa752580c",
              "height": 156,
              "mime": "image/jpeg",
              "name": "thumbnail_F4C25584-E63A-4EED-85C5-0F3B6DA0D2BB_1512x.jpg",
              "path": null,
              "size": 4.07,
              "url": "/uploads/thumbnail_F4_C25584_E63_A_4_EED_85_C5_0_F3_B6_DA_0_D2_BB_1512x_faa752580c.jpg",
              "width": 104,
            },
          },
          "hash": "F4_C25584_E63_A_4_EED_85_C5_0_F3_B6_DA_0_D2_BB_1512x_faa752580c",
          "height": 2268,
          "id": 51,
          "mime": "image/jpeg",
          "name": "F4C25584-E63A-4EED-85C5-0F3B6DA0D2BB_1512x.jpg",
          "previewUrl": null,
          "provider": "local",
          "provider_metadata": null,
          "size": 144.48,
          "updated_at": "2021-05-12T17:27:43.209Z",
          "updated_by": 1,
          "url": "/uploads/F4_C25584_E63_A_4_EED_85_C5_0_F3_B6_DA_0_D2_BB_1512x_faa752580c.jpg",
          "width": 1512,
        },
      ],
      "longRentalPrice": 62,
      "name": "Amandine",
      "occasions": Array [],
      "occasions_": "cocktail,date-night,brunch",
      "published_at": "2021-07-27T08:58:10.946Z",
      "purchasePrice": 230,
      "retailPrice": 230,
      "shortRentalPrice": 37,
      "sizes": Array [],
      "sizes_": "XS,S,L,XL,XXS,M",
      "sizingNotes": null,
      "slug": "amandine",
      "styles": Array [],
      "styles_": "tea-length,sleeveless,sweetheart",
      "stylistNotes": "97% silk 3% elastane  and Made in Belarus from upcycled material",
      "updated_at": "2021-07-27T08:58:14.383Z",
      "updated_by": 1,
      "weather": Array [],
      "weather_": "warm-weather",
    }
  }
/>
`;
